// Jest Snapshot v1, https://goo.gl/fbAQLP

exports[`should match snapshot of the mission component 1`] = `
<table
  className="table table-hover"
>
  <thead>
    <tr>
      <th>
        Mission
      </th>
      <th>
        Description
      </th>
      <th>
        Status
      </th>
      <th>
         
      </th>
    </tr>
  </thead>
  <tbody />
</table>
`;
